[localhost_55549/Help.html]
[backblue.gif]
[fade.gif]
[index.html]
[localhost_55549/Content/bootstrap.css]
[localhost_55549/Content/site.css]
[localhost_55549/Areas/HelpPage/HelpPage.css]
[localhost_55549/index.html]
[localhost_55549/Scripts/modernizr-2.6.2.js]
[localhost_55549/Help/Api/POST-api-post-post.html]
[localhost_55549/Help/Api/GET-api-post-get_user_posts_user_id_pageSize_page.html]
[localhost_55549/Help/Api/GET-api-post-get_nearby_posts_latitude_longitude_distance_in_km.html]
[localhost_55549/Help/Api/POST-api-post-delete_post_user_post_id.html]
[localhost_55549/Help/Api/POST-api-post-report_post_user_post_id.html]
[localhost_55549/Help/Api/GET-api-post-search_filtered_posts_searchText_topics_id_comma_delimeted_activities_id_comma_delimeted.html]
[localhost_55549/Help/Api/POST-api-user-signup.html]
[localhost_55549/Help/Api/GET-api-user-login_userNameOrEmail_password.html]
[localhost_55549/Help/Api/POST-api-user-update_user.html]
[localhost_55549/Help/Api/GET-api-user-get_user_by_username_userName.html]
[localhost_55549/Help/Api/GET-api-user-get_user_by_id_userId.html]
[localhost_55549/Help/Api/GET-api-user-get_user_bookmarks_userId_page_pageSize.html]
[localhost_55549/Help/Api/POST-api-user-delete_user_bookmark_user_bookmark_id.html]
[localhost_55549/Help/Api/POST-api-user-add_user_bookmark.html]
[localhost_55549/Help/Api/GET-api-user-get_user_interest_userId_page_pageSize.html]
[localhost_55549/Help/Api/POST-api-user-add_user_interest.html]
[localhost_55549/Help/Api/POST-api-user-delete_user_interest_user_interest_id.html]
[localhost_55549/Help/Api/GET-api-user-get_user_locations_userId_page_pageSize.html]
[localhost_55549/Help/Api/POST-api-user-delete_user_location_user_location_id.html]
[localhost_55549/Help/Api/POST-api-user-add_user_location.html]
[localhost_55549/Help/Api/GET-api-user-get_user_post_likes_user_id_page_pageSize.html]
[localhost_55549/Help/Api/POST-api-user-add_post_like.html]
[localhost_55549/Help/Api/POST-api-user-delete_user_post_like_user_post_like_id.html]
[localhost_55549/Help.html]
[localhost_55549/fonts/glyphicons-halflings-regular.eot]
[localhost_55549/Scripts/respond.js]
[localhost_55549/fonts/glyphicons-halflings-regular.woff]
[localhost_55549/Scripts/bootstrap.js]
[localhost_55549/fonts/glyphicons-halflings-regulard41d.eot]
[localhost_55549/fonts/glyphicons-halflings-regular.ttf]
[localhost_55549/Content/bootstrap.css]
[localhost_55549/Content/site.css]
[localhost_55549/index.html]
[localhost_55549/Areas/HelpPage/HelpPage.css]
[localhost_55549/Help/ResourceModelc90c.html]
[localhost_55549/Help/Api/POST-api-post-post.html]
[localhost_55549/Help/Api/GET-api-post-get_user_posts_user_id_pageSize_page.html]
[localhost_55549/Help/ResourceModelbef7.html]
[localhost_55549/Help/Api/GET-api-post-get_nearby_posts_latitude_longitude_distance_in_km.html]
[localhost_55549/Help/Api/POST-api-post-delete_post_user_post_id.html]
[localhost_55549/Help/Api/POST-api-post-report_post_user_post_id.html]
[localhost_55549/Help/Api/GET-api-post-search_filtered_posts_searchText_topics_id_comma_delimeted_activities_id_comma_delimeted.html]
[localhost_55549/Help/ResourceModel3b82.html]
[localhost_55549/Help/Api/POST-api-user-signup.html]
[localhost_55549/Help/Api/GET-api-user-login_userNameOrEmail_password.html]
[localhost_55549/Help/Api/POST-api-user-update_user.html]
[localhost_55549/Help/Api/GET-api-user-get_user_by_username_userName.html]
[localhost_55549/Help/Api/GET-api-user-get_user_by_id_userId.html]
[localhost_55549/Help/ResourceModel346b.html]
[localhost_55549/Help/Api/GET-api-user-get_user_bookmarks_userId_page_pageSize.html]
[localhost_55549/Help/Api/POST-api-user-delete_user_bookmark_user_bookmark_id.html]
[localhost_55549/Help/Api/POST-api-user-add_user_bookmark.html]
[localhost_55549/Help/ResourceModel99ae.html]
[localhost_55549/Help/Api/GET-api-user-get_user_interest_userId_page_pageSize.html]
[localhost_55549/Help/Api/POST-api-user-add_user_interest.html]
[localhost_55549/Help/Api/POST-api-user-delete_user_interest_user_interest_id.html]
[localhost_55549/Help/ResourceModelb363.html]
[localhost_55549/Help/Api/GET-api-user-get_user_locations_userId_page_pageSize.html]
[localhost_55549/Help/Api/POST-api-user-delete_user_location_user_location_id.html]
[localhost_55549/Help/Api/POST-api-user-add_user_location.html]
[localhost_55549/Help/ResourceModeld654.html]
[localhost_55549/Help/Api/GET-api-user-get_user_post_likes_user_id_page_pageSize.html]
[localhost_55549/Help/Api/POST-api-user-add_post_like.html]
[localhost_55549/Help/Api/POST-api-user-delete_user_post_like_user_post_like_id.html]
[localhost_55549/Scripts/jquery-1.10.2.js]
[localhost_55549/fonts/glyphicons-halflings-regular.svg]
[localhost_55549/Help/ResourceModelc90c.html]
[localhost_55549/Help/ResourceModelbef7.html]
[localhost_55549/Help/ResourceModel3b82.html]
[localhost_55549/Help/ResourceModel346b.html]
[localhost_55549/Help/ResourceModel99ae.html]
[localhost_55549/Help/ResourceModelb363.html]
[localhost_55549/Help/ResourceModeld654.html]
